// Jest Snapshot v1, https://goo.gl/fbAQLP

exports[`renders a project card 1`] = `
<div
  className="Card-Container"
>
  <a
    className="Card-Real-Link"
    href="https://github.com/awesome-project"
  >
    <div
      className="Card-Header"
    >
      <img
        alt="the framework or language that the project is build upon"
        className="Project-Logo"
        src="http://awesome-project.com/logo.jpg"
      />
      <h3
        className="Card-Title"
      >
        Awesome Project
      </h3>
    </div>
    <div
      className="Card-Body"
    >
      <div
        className="Card-Description"
      >
        <p>
           
          Simply awesome Project
        </p>
      </div>
      <div
        className="Card-Link"
      >
        Go to Project
      </div>
    </div>
  </a>
</div>
`;
